<?xml version="1.0" encoding="UTF-8"?>
<testsuite name="Win32-mingw32-make"
	tests="27"
	failures="0"
	disabled="0"
	skipped="0"
	hostname="mevdr"
	time="0"
	timestamp="2026-09-23T00:59:56"
	>
	<testcase name="Recycle.NewApparatusIsNotCalculated" classname="Recycle.NewApparatusIsNotCalculated" time="0.0154884" status="run">
		<properties/>
		<system-out>Note: Google Test filter = Recycle.NewApparatusIsNotCalculated
[==========] Running 1 test from 1 test suite.
[----------] Global test environment set-up.
[----------] 1 test from Recycle
[ RUN      ] Recycle.NewApparatusIsNotCalculated
[       OK ] Recycle.NewApparatusIsNotCalculated (0 ms)
[----------] 1 test from Recycle (0 ms total)

[----------] Global test environment tear-down
[==========] 1 test from 1 test suite ran. (0 ms total)
[  PASSED  ] 1 test.
</system-out>
	</testcase>
	<testcase name="Recycle.ChainCalculatesWithoutWarnings" classname="Recycle.ChainCalculatesWithoutWarnings" time="0.0141119" status="run">
		<properties/>
		<system-out>Note: Google Test filter = Recycle.ChainCalculatesWithoutWarnings
[==========] Running 1 test from 1 test suite.
[----------] Global test environment set-up.
[----------] 1 test from Recycle
[ RUN      ] Recycle.ChainCalculatesWithoutWarnings
[       OK ] Recycle.ChainCalculatesWithoutWarnings (0 ms)
[----------] 1 test from Recycle (0 ms total)

[----------] Global test environment tear-down
[==========] 1 test from 1 test suite ran. (0 ms total)
[  PASSED  ] 1 test.
</system-out>
	</testcase>
	<testcase name="Recycle.WarnsOnSelfLoopAfterSuccessfulUpdate" classname="Recycle.WarnsOnSelfLoopAfterSuccessfulUpdate" time="0.017086" status="run">
		<properties/>
		<system-out>Note: Google Test filter = Recycle.WarnsOnSelfLoopAfterSuccessfulUpdate
[==========] Running 1 test from 1 test suite.
[----------] Global test environment set-up.
[----------] 1 test from Recycle
[ RUN      ] Recycle.WarnsOnSelfLoopAfterSuccessfulUpdate
[       OK ] Recycle.WarnsOnSelfLoopAfterSuccessfulUpdate (0 ms)
[----------] 1 test from Recycle (0 ms total)

[----------] Global test environment tear-down
[==========] 1 test from 1 test suite ran. (0 ms total)
[  PASSED  ] 1 test.
</system-out>
	</testcase>
	<testcase name="Recycle.DetectsTwoApparatusLoopOnlyWhenReturningToCalculatedReceiver" classname="Recycle.DetectsTwoApparatusLoopOnlyWhenReturningToCalculatedReceiver" time="0.0150068" status="run">
		<properties/>
		<system-out>Note: Google Test filter = Recycle.DetectsTwoApparatusLoopOnlyWhenReturningToCalculatedReceiver
[==========] Running 1 test from 1 test suite.
[----------] Global test environment set-up.
[----------] 1 test from Recycle
[ RUN      ] Recycle.DetectsTwoApparatusLoopOnlyWhenReturningToCalculatedReceiver
[       OK ] Recycle.DetectsTwoApparatusLoopOnlyWhenReturningToCalculatedReceiver (0 ms)
[----------] 1 test from Recycle (0 ms total)

[----------] Global test environment tear-down
[==========] 1 test from 1 test suite ran. (0 ms total)
[  PASSED  ] 1 test.
</system-out>
	</testcase>
	<testcase name="Recycle.DetectsThreeApparatusLoop" classname="Recycle.DetectsThreeApparatusLoop" time="0.0138817" status="run">
		<properties/>
		<system-out>Note: Google Test filter = Recycle.DetectsThreeApparatusLoop
[==========] Running 1 test from 1 test suite.
[----------] Global test environment set-up.
[----------] 1 test from Recycle
[ RUN      ] Recycle.DetectsThreeApparatusLoop
[       OK ] Recycle.DetectsThreeApparatusLoop (0 ms)
[----------] 1 test from Recycle (0 ms total)

[----------] Global test environment tear-down
[==========] 1 test from 1 test suite ran. (0 ms total)
[  PASSED  ] 1 test.
</system-out>
	</testcase>
	<testcase name="Recycle.ResetStartsIndependentPassAndPreservesStreams" classname="Recycle.ResetStartsIndependentPassAndPreservesStreams" time="0.0124126" status="run">
		<properties/>
		<system-out>Note: Google Test filter = Recycle.ResetStartsIndependentPassAndPreservesStreams
[==========] Running 1 test from 1 test suite.
[----------] Global test environment set-up.
[----------] 1 test from Recycle
[ RUN      ] Recycle.ResetStartsIndependentPassAndPreservesStreams
[       OK ] Recycle.ResetStartsIndependentPassAndPreservesStreams (0 ms)
[----------] 1 test from Recycle (0 ms total)

[----------] Global test environment tear-down
[==========] 1 test from 1 test suite ran. (0 ms total)
[  PASSED  ] 1 test.
</system-out>
	</testcase>
	<testcase name="Recycle.OutletWithoutReceiverIsValid" classname="Recycle.OutletWithoutReceiverIsValid" time="0.0121529" status="run">
		<properties/>
		<system-out>Note: Google Test filter = Recycle.OutletWithoutReceiverIsValid
[==========] Running 1 test from 1 test suite.
[----------] Global test environment set-up.
[----------] 1 test from Recycle
[ RUN      ] Recycle.OutletWithoutReceiverIsValid
[       OK ] Recycle.OutletWithoutReceiverIsValid (0 ms)
[----------] 1 test from Recycle (0 ms total)

[----------] Global test environment tear-down
[==========] 1 test from 1 test suite ran. (0 ms total)
[  PASSED  ] 1 test.
</system-out>
	</testcase>
	<testcase name="Recycle.EqualStreamNamesDoNotCreateConnections" classname="Recycle.EqualStreamNamesDoNotCreateConnections" time="0.0138742" status="run">
		<properties/>
		<system-out>Note: Google Test filter = Recycle.EqualStreamNamesDoNotCreateConnections
[==========] Running 1 test from 1 test suite.
[----------] Global test environment set-up.
[----------] 1 test from Recycle
[ RUN      ] Recycle.EqualStreamNamesDoNotCreateConnections
[       OK ] Recycle.EqualStreamNamesDoNotCreateConnections (0 ms)
[----------] 1 test from Recycle (0 ms total)

[----------] Global test environment tear-down
[==========] 1 test from 1 test suite ran. (0 ms total)
[  PASSED  ] 1 test.
</system-out>
	</testcase>
	<testcase name="Recycle.WarningIncludesEveryCalculatedReceiver" classname="Recycle.WarningIncludesEveryCalculatedReceiver" time="0.013183" status="run">
		<properties/>
		<system-out>Note: Google Test filter = Recycle.WarningIncludesEveryCalculatedReceiver
[==========] Running 1 test from 1 test suite.
[----------] Global test environment set-up.
[----------] 1 test from Recycle
[ RUN      ] Recycle.WarningIncludesEveryCalculatedReceiver
[       OK ] Recycle.WarningIncludesEveryCalculatedReceiver (0 ms)
[----------] 1 test from Recycle (0 ms total)

[----------] Global test environment tear-down
[==========] 1 test from 1 test suite ran. (0 ms total)
[  PASSED  ] 1 test.
</system-out>
	</testcase>
	<testcase name="Recycle.InvalidSourceDoesNotUpdateOutputs" classname="Recycle.InvalidSourceDoesNotUpdateOutputs" time="0.0146871" status="run">
		<properties/>
		<system-out>Note: Google Test filter = Recycle.InvalidSourceDoesNotUpdateOutputs
[==========] Running 1 test from 1 test suite.
[----------] Global test environment set-up.
[----------] 1 test from Recycle
[ RUN      ] Recycle.InvalidSourceDoesNotUpdateOutputs
[       OK ] Recycle.InvalidSourceDoesNotUpdateOutputs (0 ms)
[----------] 1 test from Recycle (0 ms total)

[----------] Global test environment tear-down
[==========] 1 test from 1 test suite ran. (0 ms total)
[  PASSED  ] 1 test.
</system-out>
	</testcase>
	<testcase name="Recycle.RejectsNullAndDuplicateApparatuses" classname="Recycle.RejectsNullAndDuplicateApparatuses" time="0.0139127" status="run">
		<properties/>
		<system-out>Note: Google Test filter = Recycle.RejectsNullAndDuplicateApparatuses
[==========] Running 1 test from 1 test suite.
[----------] Global test environment set-up.
[----------] 1 test from Recycle
[ RUN      ] Recycle.RejectsNullAndDuplicateApparatuses
[       OK ] Recycle.RejectsNullAndDuplicateApparatuses (0 ms)
[----------] 1 test from Recycle (0 ms total)

[----------] Global test environment tear-down
[==========] 1 test from 1 test suite ran. (0 ms total)
[  PASSED  ] 1 test.
</system-out>
	</testcase>
	<testcase name="Recycle.FailedUpdateDoesNotMarkApparatusOrPrintRecycle" classname="Recycle.FailedUpdateDoesNotMarkApparatusOrPrintRecycle" time="0.0149903" status="run">
		<properties/>
		<system-out>Note: Google Test filter = Recycle.FailedUpdateDoesNotMarkApparatusOrPrintRecycle
[==========] Running 1 test from 1 test suite.
[----------] Global test environment set-up.
[----------] 1 test from Recycle
[ RUN      ] Recycle.FailedUpdateDoesNotMarkApparatusOrPrintRecycle
[       OK ] Recycle.FailedUpdateDoesNotMarkApparatusOrPrintRecycle (0 ms)
[----------] 1 test from Recycle (0 ms total)

[----------] Global test environment tear-down
[==========] 1 test from 1 test suite ran. (0 ms total)
[  PASSED  ] 1 test.
</system-out>
	</testcase>
	<testcase name="StructuralCycle.EmptySchemeAndIsolatedApparatusHaveNoCycle" classname="StructuralCycle.EmptySchemeAndIsolatedApparatusHaveNoCycle" time="0.0143191" status="run">
		<properties/>
		<system-out>Note: Google Test filter = StructuralCycle.EmptySchemeAndIsolatedApparatusHaveNoCycle
[==========] Running 1 test from 1 test suite.
[----------] Global test environment set-up.
[----------] 1 test from StructuralCycle
[ RUN      ] StructuralCycle.EmptySchemeAndIsolatedApparatusHaveNoCycle
[       OK ] StructuralCycle.EmptySchemeAndIsolatedApparatusHaveNoCycle (0 ms)
[----------] 1 test from StructuralCycle (0 ms total)

[----------] Global test environment tear-down
[==========] 1 test from 1 test suite ran. (0 ms total)
[  PASSED  ] 1 test.
</system-out>
	</testcase>
	<testcase name="StructuralCycle.FindsLoopInDisconnectedComponentWithoutFeed" classname="StructuralCycle.FindsLoopInDisconnectedComponentWithoutFeed" time="0.0161851" status="run">
		<properties/>
		<system-out>Note: Google Test filter = StructuralCycle.FindsLoopInDisconnectedComponentWithoutFeed
[==========] Running 1 test from 1 test suite.
[----------] Global test environment set-up.
[----------] 1 test from StructuralCycle
[ RUN      ] StructuralCycle.FindsLoopInDisconnectedComponentWithoutFeed
[       OK ] StructuralCycle.FindsLoopInDisconnectedComponentWithoutFeed (0 ms)
[----------] 1 test from StructuralCycle (0 ms total)

[----------] Global test environment tear-down
[==========] 1 test from 1 test suite ran. (0 ms total)
[  PASSED  ] 1 test.
</system-out>
	</testcase>
	<testcase name="StructuralCycle.ReconvergingDiamondDoesNotCountAsCycle" classname="StructuralCycle.ReconvergingDiamondDoesNotCountAsCycle" time="0.0195535" status="run">
		<properties/>
		<system-out>Note: Google Test filter = StructuralCycle.ReconvergingDiamondDoesNotCountAsCycle
[==========] Running 1 test from 1 test suite.
[----------] Global test environment set-up.
[----------] 1 test from StructuralCycle
[ RUN      ] StructuralCycle.ReconvergingDiamondDoesNotCountAsCycle
[       OK ] StructuralCycle.ReconvergingDiamondDoesNotCountAsCycle (0 ms)
[----------] 1 test from StructuralCycle (0 ms total)

[----------] Global test environment tear-down
[==========] 1 test from 1 test suite ran. (0 ms total)
[  PASSED  ] 1 test.
</system-out>
	</testcase>
	<testcase name="StructuralCycle.OneBranchMayHaveARecycleAndAnotherAnOutlet" classname="StructuralCycle.OneBranchMayHaveARecycleAndAnotherAnOutlet" time="0.0165073" status="run">
		<properties/>
		<system-out>Note: Google Test filter = StructuralCycle.OneBranchMayHaveARecycleAndAnotherAnOutlet
[==========] Running 1 test from 1 test suite.
[----------] Global test environment set-up.
[----------] 1 test from StructuralCycle
[ RUN      ] StructuralCycle.OneBranchMayHaveARecycleAndAnotherAnOutlet
[       OK ] StructuralCycle.OneBranchMayHaveARecycleAndAnotherAnOutlet (0 ms)
[----------] 1 test from StructuralCycle (0 ms total)

[----------] Global test environment tear-down
[==========] 1 test from 1 test suite ran. (0 ms total)
[  PASSED  ] 1 test.
</system-out>
	</testcase>
	<testcase name="Stream.InitializesFlowAndSupportsNamesAndPrinting" classname="Stream.InitializesFlowAndSupportsNamesAndPrinting" time="0.0154206" status="run">
		<properties/>
		<system-out>Note: Google Test filter = Stream.InitializesFlowAndSupportsNamesAndPrinting
[==========] Running 1 test from 1 test suite.
[----------] Global test environment set-up.
[----------] 1 test from Stream
[ RUN      ] Stream.InitializesFlowAndSupportsNamesAndPrinting
[       OK ] Stream.InitializesFlowAndSupportsNamesAndPrinting (0 ms)
[----------] 1 test from Stream (0 ms total)

[----------] Global test environment tear-down
[==========] 1 test from 1 test suite ran. (0 ms total)
[  PASSED  ] 1 test.
</system-out>
	</testcase>
	<testcase name="Stream.RejectsInvalidFlowWithoutChangingPreviousValue" classname="Stream.RejectsInvalidFlowWithoutChangingPreviousValue" time="0.0189918" status="run">
		<properties/>
		<system-out>Note: Google Test filter = Stream.RejectsInvalidFlowWithoutChangingPreviousValue
[==========] Running 1 test from 1 test suite.
[----------] Global test environment set-up.
[----------] 1 test from Stream
[ RUN      ] Stream.RejectsInvalidFlowWithoutChangingPreviousValue
[       OK ] Stream.RejectsInvalidFlowWithoutChangingPreviousValue (0 ms)
[----------] 1 test from Stream (0 ms total)

[----------] Global test environment tear-down
[==========] 1 test from 1 test suite ran. (0 ms total)
[  PASSED  ] 1 test.
</system-out>
	</testcase>
	<testcase name="Mixer.AddsInputMassFlowsAndMarksSuccessfulCalculation" classname="Mixer.AddsInputMassFlowsAndMarksSuccessfulCalculation" time="0.0172344" status="run">
		<properties/>
		<system-out>Note: Google Test filter = Mixer.AddsInputMassFlowsAndMarksSuccessfulCalculation
[==========] Running 1 test from 1 test suite.
[----------] Global test environment set-up.
[----------] 1 test from Mixer
[ RUN      ] Mixer.AddsInputMassFlowsAndMarksSuccessfulCalculation
[       OK ] Mixer.AddsInputMassFlowsAndMarksSuccessfulCalculation (0 ms)
[----------] 1 test from Mixer (0 ms total)

[----------] Global test environment tear-down
[==========] 1 test from 1 test suite ran. (0 ms total)
[  PASSED  ] 1 test.
</system-out>
	</testcase>
	<testcase name="Mixer.HandlesZeroFlowsAndMoreThanTwoInputs" classname="Mixer.HandlesZeroFlowsAndMoreThanTwoInputs" time="0.0164399" status="run">
		<properties/>
		<system-out>Note: Google Test filter = Mixer.HandlesZeroFlowsAndMoreThanTwoInputs
[==========] Running 1 test from 1 test suite.
[----------] Global test environment set-up.
[----------] 1 test from Mixer
[ RUN      ] Mixer.HandlesZeroFlowsAndMoreThanTwoInputs
[       OK ] Mixer.HandlesZeroFlowsAndMoreThanTwoInputs (0 ms)
[----------] 1 test from Mixer (0 ms total)

[----------] Global test environment tear-down
[==========] 1 test from 1 test suite ran. (0 ms total)
[  PASSED  ] 1 test.
</system-out>
	</testcase>
	<testcase name="Mixer.RejectsNonPositiveInputCount" classname="Mixer.RejectsNonPositiveInputCount" time="0.0183444" status="run">
		<properties/>
		<system-out>Note: Google Test filter = Mixer.RejectsNonPositiveInputCount
[==========] Running 1 test from 1 test suite.
[----------] Global test environment set-up.
[----------] 1 test from Mixer
[ RUN      ] Mixer.RejectsNonPositiveInputCount
[       OK ] Mixer.RejectsNonPositiveInputCount (0 ms)
[----------] 1 test from Mixer (0 ms total)

[----------] Global test environment tear-down
[==========] 1 test from 1 test suite ran. (0 ms total)
[  PASSED  ] 1 test.
</system-out>
	</testcase>
	<testcase name="Mixer.FailedRecalculationClearsPreviouslySuccessfulState" classname="Mixer.FailedRecalculationClearsPreviouslySuccessfulState" time="0.0186612" status="run">
		<properties/>
		<system-out>Note: Google Test filter = Mixer.FailedRecalculationClearsPreviouslySuccessfulState
[==========] Running 1 test from 1 test suite.
[----------] Global test environment set-up.
[----------] 1 test from Mixer
[ RUN      ] Mixer.FailedRecalculationClearsPreviouslySuccessfulState
[       OK ] Mixer.FailedRecalculationClearsPreviouslySuccessfulState (0 ms)
[----------] 1 test from Mixer (0 ms total)

[----------] Global test environment tear-down
[==========] 1 test from 1 test suite ran. (0 ms total)
[  PASSED  ] 1 test.
</system-out>
	</testcase>
	<testcase name="Device.RejectsMissingInputOrOutput" classname="Device.RejectsMissingInputOrOutput" time="0.0183455" status="run">
		<properties/>
		<system-out>Note: Google Test filter = Device.RejectsMissingInputOrOutput
[==========] Running 1 test from 1 test suite.
[----------] Global test environment set-up.
[----------] 1 test from Device
[ RUN      ] Device.RejectsMissingInputOrOutput
[       OK ] Device.RejectsMissingInputOrOutput (0 ms)
[----------] 1 test from Device (0 ms total)

[----------] Global test environment tear-down
[==========] 1 test from 1 test suite ran. (0 ms total)
[  PASSED  ] 1 test.
</system-out>
	</testcase>
	<testcase name="Device.RejectsNullStreams" classname="Device.RejectsNullStreams" time="0.0166279" status="run">
		<properties/>
		<system-out>Note: Google Test filter = Device.RejectsNullStreams
[==========] Running 1 test from 1 test suite.
[----------] Global test environment set-up.
[----------] 1 test from Device
[ RUN      ] Device.RejectsNullStreams
[       OK ] Device.RejectsNullStreams (0 ms)
[----------] 1 test from Device (0 ms total)

[----------] Global test environment tear-down
[==========] 1 test from 1 test suite ran. (0 ms total)
[  PASSED  ] 1 test.
</system-out>
	</testcase>
	<testcase name="Device.RejectsDuplicatePortsAndCapacityOverflow" classname="Device.RejectsDuplicatePortsAndCapacityOverflow" time="0.015573" status="run">
		<properties/>
		<system-out>Note: Google Test filter = Device.RejectsDuplicatePortsAndCapacityOverflow
[==========] Running 1 test from 1 test suite.
[----------] Global test environment set-up.
[----------] 1 test from Device
[ RUN      ] Device.RejectsDuplicatePortsAndCapacityOverflow
[       OK ] Device.RejectsDuplicatePortsAndCapacityOverflow (0 ms)
[----------] 1 test from Device (0 ms total)

[----------] Global test environment tear-down
[==========] 1 test from 1 test suite ran. (0 ms total)
[  PASSED  ] 1 test.
</system-out>
	</testcase>
	<testcase name="Reactor.SingleOutputPreservesMassFlow" classname="Reactor.SingleOutputPreservesMassFlow" time="0.0139747" status="run">
		<properties/>
		<system-out>Note: Google Test filter = Reactor.SingleOutputPreservesMassFlow
[==========] Running 1 test from 1 test suite.
[----------] Global test environment set-up.
[----------] 1 test from Reactor
[ RUN      ] Reactor.SingleOutputPreservesMassFlow
[       OK ] Reactor.SingleOutputPreservesMassFlow (0 ms)
[----------] 1 test from Reactor (0 ms total)

[----------] Global test environment tear-down
[==========] 1 test from 1 test suite ran. (0 ms total)
[  PASSED  ] 1 test.
</system-out>
	</testcase>
	<testcase name="Reactor.TwoOutputsSplitFlowWithoutIntegerDivision" classname="Reactor.TwoOutputsSplitFlowWithoutIntegerDivision" time="0.0159144" status="run">
		<properties/>
		<system-out>Note: Google Test filter = Reactor.TwoOutputsSplitFlowWithoutIntegerDivision
[==========] Running 1 test from 1 test suite.
[----------] Global test environment set-up.
[----------] 1 test from Reactor
[ RUN      ] Reactor.TwoOutputsSplitFlowWithoutIntegerDivision
[       OK ] Reactor.TwoOutputsSplitFlowWithoutIntegerDivision (0 ms)
[----------] 1 test from Reactor (0 ms total)

[----------] Global test environment tear-down
[==========] 1 test from 1 test suite ran. (0 ms total)
[  PASSED  ] 1 test.
</system-out>
	</testcase>
</testsuite>
